// Jest Snapshot v1, https://goo.gl/fbAQLP

exports[`Test Header should Test header component 1`] = `
Object {
  "asFragment": [Function],
  "baseElement": <body>
    <div>
      <div
        class="m-8 flex justify-between"
      >
        <a
          aria-current="page"
          class="active"
          href="/"
        >
          SHOP
        </a>
        <nav
          class="justify-between items-center"
        >
          <button
            class="text-3xl z-[10] absolute right-8 top-6 cursor-pointer"
            type="button"
          >
            <svg
              fill="none"
              height="1em"
              stroke="currentColor"
              stroke-linecap="round"
              stroke-linejoin="round"
              stroke-width="2"
              viewBox="0 0 24 24"
              width="1em"
              xmlns="http://www.w3.org/2000/svg"
            >
              <line
                x1="3"
                x2="21"
                y1="12"
                y2="12"
              />
              <line
                x1="3"
                x2="21"
                y1="6"
                y2="6"
              />
              <line
                x1="3"
                x2="21"
                y1="18"
                y2="18"
              />
            </svg>
          </button>
          <ul
            class="md:flex h-screen justify-center text-xl text-center mt-9 items-center md:items-center md:pb-0 pb-12 absolute md:static bg-white md:z-auto z-[9] left-0 w-full md:w-auto md:pl-0 p-9 transition-all duration-500 ease-in top-[-990px]"
          >
            <a
              class="block mt-5"
              href="/Jewelery"
            >
              Jewelries
            </a>
            <a
              class="block mt-5"
              href="/men"
            >
              Men
            </a>
            <a
              class="block mt-5"
              href="/Women"
            >
              Women
            </a>
            <a
              class="block mt-5"
              href="/Electronics"
            >
              Electronics
            </a>
          </ul>
        </nav>
      </div>
    </div>
  </body>,
  "container": <div>
    <div
      class="m-8 flex justify-between"
    >
      <a
        aria-current="page"
        class="active"
        href="/"
      >
        SHOP
      </a>
      <nav
        class="justify-between items-center"
      >
        <button
          class="text-3xl z-[10] absolute right-8 top-6 cursor-pointer"
          type="button"
        >
          <svg
            fill="none"
            height="1em"
            stroke="currentColor"
            stroke-linecap="round"
            stroke-linejoin="round"
            stroke-width="2"
            viewBox="0 0 24 24"
            width="1em"
            xmlns="http://www.w3.org/2000/svg"
          >
            <line
              x1="3"
              x2="21"
              y1="12"
              y2="12"
            />
            <line
              x1="3"
              x2="21"
              y1="6"
              y2="6"
            />
            <line
              x1="3"
              x2="21"
              y1="18"
              y2="18"
            />
          </svg>
        </button>
        <ul
          class="md:flex h-screen justify-center text-xl text-center mt-9 items-center md:items-center md:pb-0 pb-12 absolute md:static bg-white md:z-auto z-[9] left-0 w-full md:w-auto md:pl-0 p-9 transition-all duration-500 ease-in top-[-990px]"
        >
          <a
            class="block mt-5"
            href="/Jewelery"
          >
            Jewelries
          </a>
          <a
            class="block mt-5"
            href="/men"
          >
            Men
          </a>
          <a
            class="block mt-5"
            href="/Women"
          >
            Women
          </a>
          <a
            class="block mt-5"
            href="/Electronics"
          >
            Electronics
          </a>
        </ul>
      </nav>
    </div>
  </div>,
  "debug": [Function],
  "findAllByAltText": [Function],
  "findAllByDisplayValue": [Function],
  "findAllByLabelText": [Function],
  "findAllByPlaceholderText": [Function],
  "findAllByRole": [Function],
  "findAllByTestId": [Function],
  "findAllByText": [Function],
  "findAllByTitle": [Function],
  "findByAltText": [Function],
  "findByDisplayValue": [Function],
  "findByLabelText": [Function],
  "findByPlaceholderText": [Function],
  "findByRole": [Function],
  "findByTestId": [Function],
  "findByText": [Function],
  "findByTitle": [Function],
  "getAllByAltText": [Function],
  "getAllByDisplayValue": [Function],
  "getAllByLabelText": [Function],
  "getAllByPlaceholderText": [Function],
  "getAllByRole": [Function],
  "getAllByTestId": [Function],
  "getAllByText": [Function],
  "getAllByTitle": [Function],
  "getByAltText": [Function],
  "getByDisplayValue": [Function],
  "getByLabelText": [Function],
  "getByPlaceholderText": [Function],
  "getByRole": [Function],
  "getByTestId": [Function],
  "getByText": [Function],
  "getByTitle": [Function],
  "queryAllByAltText": [Function],
  "queryAllByDisplayValue": [Function],
  "queryAllByLabelText": [Function],
  "queryAllByPlaceholderText": [Function],
  "queryAllByRole": [Function],
  "queryAllByTestId": [Function],
  "queryAllByText": [Function],
  "queryAllByTitle": [Function],
  "queryByAltText": [Function],
  "queryByDisplayValue": [Function],
  "queryByLabelText": [Function],
  "queryByPlaceholderText": [Function],
  "queryByRole": [Function],
  "queryByTestId": [Function],
  "queryByText": [Function],
  "queryByTitle": [Function],
  "rerender": [Function],
  "unmount": [Function],
}
`;
